Starting a Gradle Daemon (subsequent builds will be faster)
> Task :checkKotlinGradlePluginConfigurationErrors SKIPPED
> Task :compileKotlin UP-TO-DATE
> Task :compileJava NO-SOURCE
> Task :processResources UP-TO-DATE
> Task :classes UP-TO-DATE
> Task :resolveMainClassName UP-TO-DATE

> Task :bootRun

  .   ____          _            __ _ _
 /\\ / ___'_ __ _ _(_)_ __  __ _ \ \ \ \
( ( )\___ | '_ | '_| | '_ \/ _` | \ \ \ \
 \\/  ___)| |_)| | | | | || (_| |  ) ) ) )
  '  |____| .__|_| |_|_| |_\__, | / / / /
 =========|_|==============|___/=/_/_/_/

 :: Spring Boot ::                (v4.1.0)

2026-08-27T15:02:23.928+02:00  INFO 6345 --- [           main] o.e.a.AmiePackageRepositoryApplicationKt : Starting AmiePackageRepositoryApplicationKt using Java 17.0.14 with PID 6345 (/Users/samuel/Documents/GitHub/Amie/packageRepository/build/classes/kotlin/main started by samuel in /Users/samuel/Documents/GitHub/Amie/packageRepository)
2026-08-27T15:02:23.931+02:00  INFO 6345 --- [           main] o.e.a.AmiePackageRepositoryApplicationKt : No active profile set, falling back to 1 default profile: "default"
2026-08-27T15:02:24.484+02:00  INFO 6345 --- [           main] .s.d.r.c.RepositoryConfigurationDelegate : Multiple Spring Data modules found, entering strict repository configuration mode
2026-08-27T15:02:24.486+02:00  INFO 6345 --- [           main] .s.d.r.c.RepositoryConfigurationDelegate : Bootstrapping Spring Data JDBC repositories in DEFAULT mode.
2026-08-27T15:02:24.513+02:00  INFO 6345 --- [           main] .RepositoryConfigurationExtensionSupport : Spring Data JDBC - Could not safely identify store assignment for repository candidate interface org.example.amiepackagerepository.DeviceStatusRepository; If you want this repository to be a JDBC repository, consider annotating your entities with one of these annotations: org.springframework.data.relational.core.mapping.Table.
2026-08-27T15:02:24.514+02:00  INFO 6345 --- [           main] .RepositoryConfigurationExtensionSupport : Spring Data JDBC - Could not safely identify store assignment for repository candidate interface org.example.amiepackagerepository.UserRepository; If you want this repository to be a JDBC repository, consider annotating your entities with one of these annotations: org.springframework.data.relational.core.mapping.Table.
2026-08-27T15:02:24.514+02:00  INFO 6345 --- [           main] .s.d.r.c.RepositoryConfigurationDelegate : Finished Spring Data repository scanning in 23 ms. Found 0 JDBC repository interfaces.
2026-08-27T15:02:24.521+02:00  INFO 6345 --- [           main] .s.d.r.c.RepositoryConfigurationDelegate : Multiple Spring Data modules found, entering strict repository configuration mode
2026-08-27T15:02:24.522+02:00  INFO 6345 --- [           main] .s.d.r.c.RepositoryConfigurationDelegate : Bootstrapping Spring Data JPA repositories in DEFAULT mode.
2026-08-27T15:02:24.604+02:00  INFO 6345 --- [           main] .s.d.r.c.RepositoryConfigurationDelegate : Finished Spring Data repository scanning in 78 ms. Found 2 JPA repository interfaces.
2026-08-27T15:02:24.845+02:00  INFO 6345 --- [           main] o.s.boot.tomcat.TomcatWebServer          : Tomcat initialized with port 8080 (http)
2026-08-27T15:02:24.851+02:00  INFO 6345 --- [           main] o.apache.catalina.core.StandardService   : Starting service [Tomcat]
2026-08-27T15:02:24.851+02:00  INFO 6345 --- [           main] o.apache.catalina.core.StandardEngine    : Starting Servlet engine: [Apache Tomcat/11.0.22]
2026-08-27T15:02:24.875+02:00  INFO 6345 --- [           main] b.w.c.s.WebApplicationContextInitializer : Root WebApplicationContext: initialization completed in 912 ms
2026-08-27T15:02:24.969+02:00  INFO 6345 --- [           main] org.hibernate.orm.jpa                    : HHH008540: Processing PersistenceUnitInfo [name: default]
2026-08-27T15:02:25.001+02:00  INFO 6345 --- [           main] org.hibernate.orm.core                   : HHH000001: Hibernate ORM core version 7.4.1.Final
2026-08-27T15:02:25.191+02:00  INFO 6345 --- [           main] o.s.o.j.p.SpringPersistenceUnitInfo      : No LoadTimeWeaver setup: ignoring JPA class transformer
2026-08-27T15:02:25.209+02:00  INFO 6345 --- [           main] com.zaxxer.hikari.HikariDataSource       : HikariPool-1 - Starting...
2026-08-27T15:02:25.249+02:00  INFO 6345 --- [           main] com.zaxxer.hikari.pool.HikariPool        : HikariPool-1 - Added connection org.postgresql.jdbc.PgConnection@642614b7
2026-08-27T15:02:25.250+02:00  INFO 6345 --- [           main] com.zaxxer.hikari.HikariDataSource       : HikariPool-1 - Start completed.
2026-08-27T15:02:25.264+02:00  WARN 6345 --- [           main] org.hibernate.orm.deprecation            : HHH90000025: PostgreSQLDialect does not need to be specified explicitly using 'hibernate.dialect' (remove the property setting and it will be selected by default)
2026-08-27T15:02:25.273+02:00  INFO 6345 --- [           main] org.hibernate.orm.connections.pooling    : HHH10001005: Database info:
	Database JDBC URL [jdbc:postgresql://localhost:5432/AmiesUsersDB]
	Database driver: PostgreSQL JDBC Driver
	Database dialect: PostgreSQLDialect
	Database version: 15.16
	Default catalog/schema: AmiesUsersDB/public
	Autocommit mode: undefined/unknown
	Isolation level: READ_COMMITTED [default READ_COMMITTED]
	JDBC fetch size: none
	Pool: DataSourceConnectionProvider
	Minimum pool size: undefined/unknown
	Maximum pool size: undefined/unknown
2026-08-27T15:02:25.783+02:00  INFO 6345 --- [           main] org.hibernate.orm.core                   : HHH000489: No JTA platform available (set 'hibernate.transaction.jta.platform' to enable JTA platform integration)
2026-08-27T15:02:25.822+02:00  INFO 6345 --- [           main] j.LocalContainerEntityManagerFactoryBean : Initialized JPA EntityManagerFactory for persistence unit 'default'
2026-08-27T15:02:25.868+02:00  INFO 6345 --- [           main] o.s.d.j.r.query.QueryEnhancerFactories   : Hibernate is in classpath; If applicable, HQL parser will be used.
2026-08-27T15:02:26.515+02:00  WARN 6345 --- [           main] JpaBaseConfiguration$JpaWebConfiguration : spring.jpa.open-in-view is enabled by default. Therefore, database queries may be performed during view rendering. Explicitly configure spring.jpa.open-in-view to disable this warning
2026-08-27T15:02:26.602+02:00  WARN 6345 --- [           main] ion$DefaultTemplateResolverConfiguration : Cannot find template location: classpath:/templates/ (please add some templates, check your Thymeleaf configuration, or set spring.thymeleaf.check-template-location=false)
2026-08-27T15:02:26.707+02:00  INFO 6345 --- [           main] o.s.boot.tomcat.TomcatWebServer          : Tomcat started on port 8080 (http) with context path '/'
2026-08-27T15:02:26.710+02:00  INFO 6345 --- [           main] o.e.a.AmiePackageRepositoryApplicationKt : Started AmiePackageRepositoryApplicationKt in 2.971 seconds (process running for 3.131)
2026-08-27T15:10:04.530+02:00  INFO 6345 --- [0.0-8080-exec-1] o.a.c.c.C.[Tomcat].[localhost].[/]       : Initializing Spring DispatcherServlet 'dispatcherServlet'
2026-08-27T15:10:04.531+02:00  INFO 6345 --- [0.0-8080-exec-1] o.s.web.servlet.DispatcherServlet        : Initializing Servlet 'dispatcherServlet'
2026-08-27T15:10:04.541+02:00  INFO 6345 --- [0.0-8080-exec-1] o.s.web.servlet.DispatcherServlet        : Completed initialization in 10 ms
2026-08-27T15:10:04.641+02:00  WARN 6345 --- [0.0-8080-exec-2] o.e.amiepackagerepository.UserService    : Token is invalid: JWT signature does not match locally computed signature. JWT validity cannot be asserted and should not be trusted.
DEBUG: GITHUB_TOKEN is NULL in environment
GitHub List Error: 401 Unauthorized: "{<EOL><EOL>  "message": "Bad credentials",<EOL><EOL>  "documentation_url": "https://docs.github.com/rest",<EOL><EOL>  "status": "401"<EOL><EOL>}"
DEBUG: GITHUB_TOKEN is NULL in environment
GitHub List Error: 401 Unauthorized: "{<EOL><EOL>  "message": "Bad credentials",<EOL><EOL>  "documentation_url": "https://docs.github.com/rest",<EOL><EOL>  "status": "401"<EOL><EOL>}"
DEBUG: GITHUB_TOKEN is NULL in environment
GitHub List Error: 401 Unauthorized: "{<EOL><EOL>  "message": "Bad credentials",<EOL><EOL>  "documentation_url": "https://docs.github.com/rest",<EOL><EOL>  "status": "401"<EOL><EOL>}"
