> Task :kotlinNodeJsSetup UP-TO-DATE
> Task :kotlinNpmCachesSetup
> Task :kotlinRestoreYarnLock UP-TO-DATE
> Task :kotlinYarnSetup UP-TO-DATE
> Task :site:jsPackageJson UP-TO-DATE
> Task :site:jsTestPackageJson UP-TO-DATE
> Task :site:jsPublicPackageJson UP-TO-DATE
> Task :site:jsTestPublicPackageJson UP-TO-DATE
> Task :packageJsonUmbrella UP-TO-DATE
> Task :rootPackageJson UP-TO-DATE
> Task :kotlinNpmInstall UP-TO-DATE
> Task :kotlinStoreYarnLock UP-TO-DATE
> Task :site:checkKotlinGradlePluginConfigurationErrors SKIPPED
> Task :site:kobwebGenSiteIndex UP-TO-DATE
> Task :site:kobwebCopySupplementalResources UP-TO-DATE
> Task :site:kobwebCopyWorkerJsOutput UP-TO-DATE
> Task :site:kobwebxMarkdownProcess UP-TO-DATE
> Task :site:kobwebxMarkdownConvert UP-TO-DATE
> Task :site:kspKotlinJs UP-TO-DATE
> Task :site:kobwebCacheAppData UP-TO-DATE
> Task :site:kobwebGenSiteEntry UP-TO-DATE
> Task :site:compileKotlinJs UP-TO-DATE
> Task :site:jsProcessResources UP-TO-DATE
> Task :site:jsMainClasses UP-TO-DATE
> Task :site:kspKotlinJvm UP-TO-DATE
> Task :site:kobwebGenApisFactory UP-TO-DATE
> Task :site:compileKotlinJvm UP-TO-DATE
> Task :site:jvmProcessResources UP-TO-DATE
> Task :site:jvmMainClasses UP-TO-DATE
> Task :site:jvmJar UP-TO-DATE
> Task :site:kobwebSyncServerPluginJars NO-SOURCE
> Task :site:kobwebUnpackServerJar UP-TO-DATE
> Task :site:compileDevelopmentExecutableKotlinJs
> Task :site:jsDevelopmentExecutableCompileSync
> Task :site:jsBrowserDevelopmentWebpack

> Task :site:kobwebStart
Starting server by running:
    /Users/samuel/Library/Java/JavaVirtualMachines/ms-21.0.10/Contents/Home/bin/java -Dkobweb.server.environment=DEV -Dkobweb.site.layout=FULLSTACK -Dio.ktor.development=true -jar /Users/samuel/Documents/GitHub/Amie/app/site/.kobweb/server/server.jar
A Kobweb server is now running at http://localhost:8081 (PID = 7136)

Run `gradlew kobwebStop` when you're ready to shut it down.

[Incubating] Problems report is available at: file:///Users/samuel/Documents/GitHub/Amie/app/build/reports/problems/problems-report.html

Deprecated Gradle features were used in this build, making it incompatible with Gradle 10.

You can use '--warning-mode all' to show the individual deprecation warnings and determine if they come from your own scripts or plugins.

For more on this, please refer to https://docs.gradle.org/9.6.1/userguide/command_line_interface.html#sec:command_line_warnings in the Gradle documentation.

BUILD SUCCESSFUL in 3s
31 actionable tasks: 5 executed, 26 up-to-date
